| t | retrieval | col2 | delete | col4 |
+---+-----------+------+--------+------+
