| n | store | col2 | col3 |
+---+-------+------+------+
