| guard | remove | time | col3 |
+-------+--------+------+------+
