| store | col1 | site_key | col3 |               auth_check               | col5 |
+-------+------+----------+------+----------------------------------------+------+
| key   |   72 | key      |   49 | call to analytics_captcha_is_published |   70 |
